// Jest Snapshot v1, https://goo.gl/fbAQLP

exports[`renders the same as the last Snapshot 1`] = `
<div
  className="todos"
>
  <div
    className="todo"
  >
    <p>
      test
      <input
        onChange={[Function]}
        type="checkbox"
      />
    </p>
  </div>
</div>
`;
